2026-08-25 11:45:17 [INFO] Reading genome list: /path/to/magicc/results/revision/reproducibility/workflow/predictions/set_D_clean.inputs.txt
2026-08-25 11:45:17 [INFO] Found 1000 genome(s)
2026-08-25 11:45:17 [INFO] Loading ONNX model: /path/to/magicc/models/magicc_v5.onnx
2026-08-25 11:45:18 [INFO] Loading normalization parameters: /path/to/magicc/data/features/normalization_params.json
2026-08-25 11:45:18 [INFO] Extracting features for 1000 genomes using 4 thread(s)...
2026-08-25 11:45:25 [INFO]   Feature extraction: 100/1000 (14.4 genomes/s, 69.5 ms/genome)
2026-08-25 11:45:25 [INFO]   Feature extraction: 200/1000 (28.8 genomes/s, 34.8 ms/genome)
2026-08-25 11:45:30 [INFO]   Feature extraction: 300/1000 (25.5 genomes/s, 39.3 ms/genome)
2026-08-25 11:45:31 [INFO]   Feature extraction: 400/1000 (30.8 genomes/s, 32.5 ms/genome)
2026-08-25 11:45:38 [INFO]   Feature extraction: 500/1000 (25.3 genomes/s, 39.6 ms/genome)
2026-08-25 11:45:38 [INFO]   Feature extraction: 600/1000 (29.7 genomes/s, 33.6 ms/genome)
2026-08-25 11:45:39 [INFO]   Feature extraction: 700/1000 (33.2 genomes/s, 30.2 ms/genome)
2026-08-25 11:45:46 [INFO]   Feature extraction: 800/1000 (28.8 genomes/s, 34.7 ms/genome)
2026-08-25 11:45:46 [INFO]   Feature extraction: 900/1000 (31.7 genomes/s, 31.5 ms/genome)
2026-08-25 11:45:46 [INFO]   Feature extraction: 1000/1000 (35.2 genomes/s, 28.4 ms/genome)
2026-08-25 11:45:46 [INFO] Feature extraction complete: 1000 genomes in 28.4s (28.4 ms/genome)
2026-08-25 11:45:46 [INFO] Normalizing features...
2026-08-25 11:45:47 [INFO] Normalization: 0.180s
2026-08-25 11:45:47 [INFO] Running ONNX inference (batch_size=64)...
2026-08-25 11:45:48 [INFO] Inference complete: 1.628s (1.63 ms/genome)
2026-08-25 11:45:48 [INFO] Writing predictions to /path/to/magicc/results/revision/reproducibility/workflow/predictions/set_D_clean.tsv
2026-08-25 11:45:48 [INFO] ============================================================
2026-08-25 11:45:48 [INFO] MAGICC Prediction Summary
2026-08-25 11:45:48 [INFO] ============================================================
2026-08-25 11:45:48 [INFO]   Genomes processed: 1000
2026-08-25 11:45:48 [INFO]   Threads:           4
2026-08-25 11:45:48 [INFO]   Feature extraction: 28.4s
2026-08-25 11:45:48 [INFO]   Normalization:      0.180s
2026-08-25 11:45:48 [INFO]   ONNX inference:     1.628s
2026-08-25 11:45:48 [INFO]   Total time:         30.7s
2026-08-25 11:45:48 [INFO]   Speed:              1952 genomes/min
2026-08-25 11:45:48 [INFO]   Speed/thread:       488 genomes/min/thread
2026-08-25 11:45:48 [INFO]   Output:             /path/to/magicc/results/revision/reproducibility/workflow/predictions/set_D_clean.tsv
2026-08-25 11:45:48 [INFO] ============================================================
