2026-08-25 11:47:18 [INFO] Reading genome list: /path/to/magicc/results/revision/reproducibility/workflow/predictions/set_E.inputs.txt
2026-08-25 11:47:18 [INFO] Found 1000 genome(s)
2026-08-25 11:47:18 [INFO] Loading ONNX model: /path/to/magicc/models/magicc_v5.onnx
2026-08-25 11:47:19 [INFO] Loading normalization parameters: /path/to/magicc/data/features/normalization_params.json
2026-08-25 11:47:19 [INFO] Extracting features for 1000 genomes using 4 thread(s)...
2026-08-25 11:47:31 [INFO]   Feature extraction: 100/1000 (8.0 genomes/s, 124.7 ms/genome)
2026-08-25 11:47:31 [INFO]   Feature extraction: 200/1000 (16.0 genomes/s, 62.3 ms/genome)
2026-08-25 11:47:39 [INFO]   Feature extraction: 300/1000 (14.8 genomes/s, 67.8 ms/genome)
2026-08-25 11:47:39 [INFO]   Feature extraction: 400/1000 (19.5 genomes/s, 51.3 ms/genome)
2026-08-25 11:47:50 [INFO]   Feature extraction: 500/1000 (16.2 genomes/s, 61.9 ms/genome)
2026-08-25 11:47:50 [INFO]   Feature extraction: 600/1000 (19.0 genomes/s, 52.7 ms/genome)
2026-08-25 11:47:55 [INFO]   Feature extraction: 700/1000 (19.3 genomes/s, 51.9 ms/genome)
2026-08-25 11:48:00 [INFO]   Feature extraction: 800/1000 (19.2 genomes/s, 52.0 ms/genome)
2026-08-25 11:48:01 [INFO]   Feature extraction: 900/1000 (21.2 genomes/s, 47.2 ms/genome)
2026-08-25 11:48:04 [INFO]   Feature extraction: 1000/1000 (22.3 genomes/s, 44.8 ms/genome)
2026-08-25 11:48:04 [INFO] Feature extraction complete: 1000 genomes in 44.8s (44.8 ms/genome)
2026-08-25 11:48:04 [INFO] Normalizing features...
2026-08-25 11:48:04 [INFO] Normalization: 0.169s
2026-08-25 11:48:04 [INFO] Running ONNX inference (batch_size=64)...
2026-08-25 11:48:05 [INFO] Inference complete: 1.393s (1.39 ms/genome)
2026-08-25 11:48:05 [INFO] Writing predictions to /path/to/magicc/results/revision/reproducibility/workflow/predictions/set_E.tsv
2026-08-25 11:48:05 [INFO] ============================================================
2026-08-25 11:48:05 [INFO] MAGICC Prediction Summary
2026-08-25 11:48:05 [INFO] ============================================================
2026-08-25 11:48:05 [INFO]   Genomes processed: 1000
2026-08-25 11:48:05 [INFO]   Threads:           4
2026-08-25 11:48:05 [INFO]   Feature extraction: 44.8s
2026-08-25 11:48:05 [INFO]   Normalization:      0.169s
2026-08-25 11:48:05 [INFO]   ONNX inference:     1.393s
2026-08-25 11:48:05 [INFO]   Total time:         46.9s
2026-08-25 11:48:05 [INFO]   Speed:              1280 genomes/min
2026-08-25 11:48:05 [INFO]   Speed/thread:       320 genomes/min/thread
2026-08-25 11:48:05 [INFO]   Output:             /path/to/magicc/results/revision/reproducibility/workflow/predictions/set_E.tsv
2026-08-25 11:48:05 [INFO] ============================================================
