2026-08-25 11:48:08 [INFO] Reading genome list: /path/to/magicc/results/revision/reproducibility/workflow/predictions/set_C_clean.inputs.txt
2026-08-25 11:48:08 [INFO] Found 1000 genome(s)
2026-08-25 11:48:08 [INFO] Loading ONNX model: /path/to/magicc/models/magicc_v5.onnx
2026-08-25 11:48:08 [INFO] Loading normalization parameters: /path/to/magicc/data/features/normalization_params.json
2026-08-25 11:48:08 [INFO] Extracting features for 1000 genomes using 4 thread(s)...
2026-08-25 11:48:13 [INFO]   Feature extraction: 100/1000 (22.9 genomes/s, 43.7 ms/genome)
2026-08-25 11:48:13 [INFO]   Feature extraction: 200/1000 (45.6 genomes/s, 21.9 ms/genome)
2026-08-25 11:48:15 [INFO]   Feature extraction: 300/1000 (48.7 genomes/s, 20.5 ms/genome)
2026-08-25 11:48:17 [INFO]   Feature extraction: 400/1000 (45.9 genomes/s, 21.8 ms/genome)
2026-08-25 11:48:19 [INFO]   Feature extraction: 500/1000 (47.6 genomes/s, 21.0 ms/genome)
2026-08-25 11:48:22 [INFO]   Feature extraction: 600/1000 (43.4 genomes/s, 23.0 ms/genome)
2026-08-25 11:48:23 [INFO]   Feature extraction: 700/1000 (47.9 genomes/s, 20.9 ms/genome)
2026-08-25 11:48:24 [INFO]   Feature extraction: 800/1000 (52.6 genomes/s, 19.0 ms/genome)
2026-08-25 11:48:26 [INFO]   Feature extraction: 900/1000 (51.8 genomes/s, 19.3 ms/genome)
2026-08-25 11:48:26 [INFO]   Feature extraction: 1000/1000 (56.1 genomes/s, 17.8 ms/genome)
2026-08-25 11:48:26 [INFO] Feature extraction complete: 1000 genomes in 17.8s (17.8 ms/genome)
2026-08-25 11:48:26 [INFO] Normalizing features...
2026-08-25 11:48:26 [INFO] Normalization: 0.188s
2026-08-25 11:48:26 [INFO] Running ONNX inference (batch_size=64)...
2026-08-25 11:48:28 [INFO] Inference complete: 1.376s (1.38 ms/genome)
2026-08-25 11:48:28 [INFO] Writing predictions to /path/to/magicc/results/revision/reproducibility/workflow/predictions/set_C_clean.tsv
2026-08-25 11:48:28 [INFO] ============================================================
2026-08-25 11:48:28 [INFO] MAGICC Prediction Summary
2026-08-25 11:48:28 [INFO] ============================================================
2026-08-25 11:48:28 [INFO]   Genomes processed: 1000
2026-08-25 11:48:28 [INFO]   Threads:           4
2026-08-25 11:48:28 [INFO]   Feature extraction: 17.8s
2026-08-25 11:48:28 [INFO]   Normalization:      0.188s
2026-08-25 11:48:28 [INFO]   ONNX inference:     1.376s
2026-08-25 11:48:28 [INFO]   Total time:         19.9s
2026-08-25 11:48:28 [INFO]   Speed:              3011 genomes/min
2026-08-25 11:48:28 [INFO]   Speed/thread:       753 genomes/min/thread
2026-08-25 11:48:28 [INFO]   Output:             /path/to/magicc/results/revision/reproducibility/workflow/predictions/set_C_clean.tsv
2026-08-25 11:48:28 [INFO] ============================================================
