2026-08-25 11:46:47 [INFO] Reading genome list: /path/to/magicc/results/revision/reproducibility/workflow/predictions/set_A_v2.inputs.txt
2026-08-25 11:46:47 [INFO] Found 1000 genome(s)
2026-08-25 11:46:47 [INFO] Loading ONNX model: /path/to/magicc/models/magicc_v5.onnx
2026-08-25 11:46:47 [INFO] Loading normalization parameters: /path/to/magicc/data/features/normalization_params.json
2026-08-25 11:46:47 [INFO] Extracting features for 1000 genomes using 4 thread(s)...
2026-08-25 11:46:55 [INFO]   Feature extraction: 100/1000 (13.7 genomes/s, 72.8 ms/genome)
2026-08-25 11:46:55 [INFO]   Feature extraction: 200/1000 (27.5 genomes/s, 36.4 ms/genome)
2026-08-25 11:46:58 [INFO]   Feature extraction: 300/1000 (29.9 genomes/s, 33.4 ms/genome)
2026-08-25 11:46:59 [INFO]   Feature extraction: 400/1000 (35.1 genomes/s, 28.5 ms/genome)
2026-08-25 11:47:05 [INFO]   Feature extraction: 500/1000 (28.9 genomes/s, 34.6 ms/genome)
2026-08-25 11:47:05 [INFO]   Feature extraction: 600/1000 (34.1 genomes/s, 29.3 ms/genome)
2026-08-25 11:47:07 [INFO]   Feature extraction: 700/1000 (36.4 genomes/s, 27.5 ms/genome)
2026-08-25 11:47:11 [INFO]   Feature extraction: 800/1000 (34.3 genomes/s, 29.1 ms/genome)
2026-08-25 11:47:13 [INFO]   Feature extraction: 900/1000 (34.7 genomes/s, 28.8 ms/genome)
2026-08-25 11:47:14 [INFO]   Feature extraction: 1000/1000 (37.8 genomes/s, 26.5 ms/genome)
2026-08-25 11:47:14 [INFO] Feature extraction complete: 1000 genomes in 26.5s (26.5 ms/genome)
2026-08-25 11:47:14 [INFO] Normalizing features...
2026-08-25 11:47:14 [INFO] Normalization: 0.192s
2026-08-25 11:47:14 [INFO] Running ONNX inference (batch_size=64)...
2026-08-25 11:47:16 [INFO] Inference complete: 1.414s (1.41 ms/genome)
2026-08-25 11:47:16 [INFO] Writing predictions to /path/to/magicc/results/revision/reproducibility/workflow/predictions/set_A_v2.tsv
2026-08-25 11:47:16 [INFO] ============================================================
2026-08-25 11:47:16 [INFO] MAGICC Prediction Summary
2026-08-25 11:47:16 [INFO] ============================================================
2026-08-25 11:47:16 [INFO]   Genomes processed: 1000
2026-08-25 11:47:16 [INFO]   Threads:           4
2026-08-25 11:47:16 [INFO]   Feature extraction: 26.5s
2026-08-25 11:47:16 [INFO]   Normalization:      0.192s
2026-08-25 11:47:16 [INFO]   ONNX inference:     1.414s
2026-08-25 11:47:16 [INFO]   Total time:         28.6s
2026-08-25 11:47:16 [INFO]   Speed:              2095 genomes/min
2026-08-25 11:47:16 [INFO]   Speed/thread:       524 genomes/min/thread
2026-08-25 11:47:16 [INFO]   Output:             /path/to/magicc/results/revision/reproducibility/workflow/predictions/set_A_v2.tsv
2026-08-25 11:47:16 [INFO] ============================================================
